// Jest Snapshot v1, https://goo.gl/fbAQLP

exports[`Testing App component it should match the App snapshot 1`] = `undefined`;
