// Jest Snapshot v1, https://goo.gl/fbAQLP

exports[`Testing Contact component it should match the Contact snapshot 1`] = `undefined`;
