// Jest Snapshot v1, https://goo.gl/fbAQLP

exports[`Testing Home component it should match the Home snapshot 1`] = `undefined`;
