// Jest Snapshot v1, https://goo.gl/fbAQLP

exports[`Testing HowItWorks component it should match the HowItWorks snapshot 1`] = `undefined`;
