// Jest Snapshot v1, https://goo.gl/fbAQLP

exports[`Testing Jobs component it should match the Jobs snapshot 1`] = `undefined`;
