// Jest Snapshot v1, https://goo.gl/fbAQLP

exports[`Testing Login component it should match the Login snapshot 1`] = `undefined`;
