// Jest Snapshot v1, https://goo.gl/fbAQLP

exports[`Testing Money component it should match the Money snapshot 1`] = `undefined`;
