// Jest Snapshot v1, https://goo.gl/fbAQLP

exports[`Testing NotFound component it should match the NotFound snapshot 1`] = `undefined`;
