// Jest Snapshot v1, https://goo.gl/fbAQLP

exports[`Testing PostJob component it should match the PostJob snapshot 1`] = `ShallowWrapper {}`;
