// Jest Snapshot v1, https://goo.gl/fbAQLP

exports[`Testing Profile component it should match the Profile snapshot 1`] = `undefined`;
