// Jest Snapshot v1, https://goo.gl/fbAQLP

exports[`Testing Signup component it should match the Signup snapshot 1`] = `undefined`;
