// Jest Snapshot v1, https://goo.gl/fbAQLP

exports[`Testing Teams component it should match the Teams snapshot 1`] = `undefined`;
