// Jest Snapshot v1, https://goo.gl/fbAQLP

exports[`Testing UserMain component it should match the UserMain snapshot 1`] = `undefined`;
